error: duplicate `#[location]` attribute.
 --> tests/trybuild/fail/duplicate_location.rs:7:5
  |
7 | /     #[location]
8 | |     second: &'static core::panic::Location<'static>,
  | |___________________________________________________^
